python : Traceback 
(most recent call last):
At line:1 char:30
+ ... I_KEY='dummy'; 
python tests/run_manual_
test.py > 
test_output.txt 2>&1
+                    ~~~
~~~~~~~~~~~~~~~~~~~~~~~~
~~~~~~~~~~~~~~~~~~~~~~~~
~~~
    + CategoryInfo      
        : NotSpecified  
  : (Traceback (most    
 recent call last)::    
String) [], RemoteE    
xception
    + FullyQualifiedErr 
   orId : NativeComman  
  dError
 
  File "E:\learnings\Cog
nitionOS\tests\run_manua
l_test.py", line 31, in 
run_test
    async for step in or
chestrator.run_workflow(
"Build a hello world 
app"):
        print(f"Step 
received: 
{step.keys()}")
        
results.append(step)
  File "E:\learnings\Cog
nitionOS\src\core\orches
tration.py", line 60, 
in run_workflow
    async for output in 
self.workflow.astream(in
puts):
    ...<3 lines>...
            yield value
  File "C:\Users\omsin\A
ppData\Roaming\Python\Py
thon313\site-packages\la
nggraph\pregel\main.py",
 line 2939, in astream
    async for _ in 
runner.atick(
    ...<13 lines>...
            yield o
  File "C:\Users\omsin\A
ppData\Roaming\Python\Py
thon313\site-packages\la
nggraph\pregel\_runner.p
y", line 295, in atick
    await 
arun_with_retry(
    ...<15 lines>...
    )
  File "C:\Users\omsin\A
ppData\Roaming\Python\Py
thon313\site-packages\la
nggraph\pregel\_retry.py
", line 137, in 
arun_with_retry
    return await task.pr
oc.ainvoke(task.input, 
config)
           ^^^^^^^^^^^^^
^^^^^^^^^^^^^^^^^^^^^^^^
^^^^^^
  File "C:\Users\omsin\A
ppData\Roaming\Python\Py
thon313\site-packages\la
nggraph\_internal\_runna
ble.py", line 706, in 
ainvoke
    input = await 
asyncio.create_task(
            ^^^^^^^^^^^^
^^^^^^^^^^^^^^
        
step.ainvoke(input, 
config, **kwargs), 
context=context
        ^^^^^^^^^^^^^^^^
^^^^^^^^^^^^^^^^^^^^^^^^
^^^^^^^^^^^^^^
    )
    ^
  File "C:\Users\omsin\A
ppData\Roaming\Python\Py
thon313\site-packages\la
nggraph\_internal\_runna
ble.py", line 474, in 
ainvoke
    ret = await 
self.afunc(*args, 
**kwargs)
          ^^^^^^^^^^^^^^
^^^^^^^^^^^^^^^^^^^
  File "E:\learnings\Cog
nitionOS\src\core\orches
tration.py", line 42, 
in _call_planner
    user_msg = state["me
ssages"][-1].content
               ^^^^^^^^^
^^^^^^^^^^^^^^^^^^^^
AttributeError: 'tuple' 
object has no attribute 
'content'
During task with name 
'planner' and id '3361d1
26-0018-3831-94b6-5d4234
5b1392'
Starting manual test...
Initializing Orchestrator...
Running workflow...
ERROR: 'tuple' object has no attribute 'content'
